Γû▓ Next.js 16.1.6 (Turbopack)
- Environments: .env.local

  Creating an optimized production build ...
node.exe : Error: Cannot apply unknown 
utility class `bg-gray-50`. Are you using CSS 
modules or similar and missing `@reference`? h
ttps://tailwindcss.com/docs/functions-and-dire
ctives#reference-directive
At line:1 char:1
+ & "C:\Program Files\nodejs/node.exe" 
"C:\Program Files\nodejs/node_mo ...
+ ~~~~~~~~~~~~~~~~~~~~~~~~~~~~~~~~~~~~~~~~~~~~
~~~~~~~~~~~~~~~~~~~~~~~~~
    + CategoryInfo          : NotSpecified: ( 
   Error: Cannot a...rence-directive:String)  
   [], RemoteException
    + FullyQualifiedErrorId : NativeCommandEr 
   ror
 
    [2m[at onInvalidCandidate 
(C:\Users\ATCHYUTHA KUMAR RAJA\Downloads\Prani
deeth\Project\ambox\node_modules\tailwindcss\d
ist\lib.js:21:1314)][0m
    [2m[at Ee (C:\Users\ATCHYUTHA KUMAR RAJA\
Downloads\Pranideeth\Project\ambox\node_module
s\tailwindcss\dist\lib.js:16:37066)][0m
    [2m[at C:\Users\ATCHYUTHA KUMAR RAJA\Down
loads\Pranideeth\Project\ambox\node_modules\ta
ilwindcss\dist\lib.js:21:355][0m
    [2m[at Pr (C:\Users\ATCHYUTHA KUMAR RAJA\
Downloads\Pranideeth\Project\ambox\node_module
s\tailwindcss\dist\lib.js:3:1733)][0m
    [2m[at _ (C:\Users\ATCHYUTHA KUMAR RAJA\D
ownloads\Pranideeth\Project\ambox\node_modules
\tailwindcss\dist\lib.js:3:1377)][0m
    [2m[at Te (C:\Users\ATCHYUTHA KUMAR RAJA\
Downloads\Pranideeth\Project\ambox\node_module
s\tailwindcss\dist\lib.js:21:172)][0m
    [2m[at pn (C:\Users\ATCHYUTHA KUMAR RAJA\
Downloads\Pranideeth\Project\ambox\node_module
s\tailwindcss\dist\lib.js:38:294)][0m
    [2m[at process.processTicksAndRejections 
(node:internal/process/task_queues:103:5)][0m
    [2m[at async dn (C:\Users\ATCHYUTHA 
KUMAR RAJA\Downloads\Pranideeth\Project\ambox\
node_modules\tailwindcss\dist\lib.js:38:631)]
[0m
    [2m[at async Xr (C:\Users\ATCHYUTHA 
KUMAR RAJA\Downloads\Pranideeth\Project\ambox\
node_modules\@tailwindcss\node\dist\index.js:1
0:3417)][0m

> Build error occurred
Error: Turbopack build failed with 1 errors:
./app/globals.css
Error evaluating Node.js code
CssSyntaxError: tailwindcss: 
C:\Users\ATCHYUTHA KUMAR RAJA\Downloads\Pranid
eeth\Project\ambox\app\globals.css:1:1: 
Cannot apply unknown utility class 
`bg-gray-50`. Are you using CSS modules or 
similar and missing `@reference`? https://tail
windcss.com/docs/functions-and-directives#refe
rence-directive
    at Input.error 
(node_modules/postcss/lib/input.js:135:16) 
[C:\Users\ATCHYUTHA KUMAR RAJA\Downloads\Prani
deeth\Project\ambox\.next\build\chunks\node_mo
dules_fe693df6._.js:4651:22]
    at Root.error 
(node_modules/postcss/lib/node.js:146:32) 
[C:\Users\ATCHYUTHA KUMAR RAJA\Downloads\Prani
deeth\Project\ambox\.next\build\chunks\node_mo
dules_fe693df6._.js:928:38]
    [at Object.Once (C:\Users\ATCHYUTHA KUMAR 
RAJA\Downloads\Pranideeth\Project\ambox\node_m
odules\@tailwindcss\postcss\dist\index.js:10:6
913)]
    [at process.processTicksAndRejections 
(node:internal/process/task_queues:103:5)]
    at async LazyResult.runAsync (node_modules
/postcss/lib/lazy-result.js:293:11) 
[C:\Users\ATCHYUTHA KUMAR RAJA\Downloads\Prani
deeth\Project\ambox\.next\build\chunks\node_mo
dules_fe693df6._.js:6206:21]
    at async transform (turbopack:///[turbopac
k-node]/transforms/postcss.ts:70:34) 
[C:\Users\ATCHYUTHA KUMAR RAJA\Downloads\Prani
deeth\Project\ambox\.next\build\chunks\[root-o
f-the-server]__51225daf._.js:146:36]
    at async run (turbopack:///[turbopack-node
]/ipc/evaluate.ts:92:23) [C:\Users\ATCHYUTHA 
KUMAR RAJA\Downloads\Pranideeth\Project\ambox\
.next\build\chunks\[root-of-the-server]__97494
1ed._.js:443:31]

Import trace:
  Client Component Browser:
    ./app/globals.css [Client Component 
Browser]
    ./app/layout.tsx [Server Component]


    at async transform (turbopack:///[turbopac
k-node]/transforms/postcss.ts:70:34) 
[C:\Users\ATCHYUTHA KUMAR RAJA\Downloads\Prani
deeth\Project\ambox\.next\build\chunks\[root-o
f-the-server]__51225daf._.js:146:36])
    at async run (turbopack:///[turbopack-node
]/ipc/evaluate.ts:92:23) [C:\Users\ATCHYUTHA 
KUMAR RAJA\Downloads\Pranideeth\Project\ambox\
.next\build\chunks\[root-of-the-server]__97494
1ed._.js:443:31])
